2025-06-18 09:46:39,408 [Worker-6: Loading available Gradle versions] INFO  o.e.b.c.i.u.g.PublishedGradleVersions - Gradle version information cache is not available. Remote download required.
2025-06-18 09:48:45,675 [Worker-4: Import Getting Started Content] INFO  o.e.m.c.i.l.LifecycleMappingFactory - Using org.eclipse.m2e.jdt.JarLifecycleMapping lifecycle mapping for MavenProject: it.fila1:cantieri:0.0.1-SNAPSHOT @ C:\Users\SebastianGeraldMay\Desktop\GestioneCantieri\cantieri\pom.xml.
2025-06-18 09:48:50,148 [Worker-4: Import Getting Started Content] INFO  o.e.m.j.i.AbstractJavaProjectConfigurator - Adding source folder /cantieri/src/main/java
2025-06-18 09:48:50,149 [Worker-4: Import Getting Started Content] INFO  o.e.m.j.i.AbstractJavaProjectConfigurator - Adding resource folder /cantieri/src/main/resources
2025-06-18 09:48:50,160 [Worker-4: Import Getting Started Content] INFO  o.e.m.j.i.AbstractJavaProjectConfigurator - Adding resource folder /cantieri/src/main/resources
2025-06-18 09:48:50,170 [Worker-4: Import Getting Started Content] INFO  o.e.m.j.i.AbstractJavaProjectConfigurator - Adding source folder /cantieri/src/test/java
2025-06-18 09:48:50,172 [Worker-4: Import Getting Started Content] INFO  o.e.m.j.i.AbstractJavaProjectConfigurator - Adding resource folder /cantieri/src/test/resources
2025-06-18 09:48:50,546 [Worker-4: Import Getting Started Content] INFO  o.e.m.c.i.p.ProjectConfigurationManager - Imported and configured 1 project(s) in 9 sec
2025-06-18 09:48:50,549 [Worker-4: Import Getting Started Content] INFO  o.e.m.c.i.p.ProjectConfigurationManager - Update started
2025-06-18 09:48:50,767 [Worker-4: Import Getting Started Content] INFO  o.e.m.c.i.l.LifecycleMappingFactory - Using org.eclipse.m2e.jdt.JarLifecycleMapping lifecycle mapping for MavenProject: it.fila1:cantieri:0.0.1-SNAPSHOT @ C:\Users\SebastianGeraldMay\Desktop\GestioneCantieri\cantieri\pom.xml.
2025-06-18 09:48:51,117 [Worker-4: Import Getting Started Content] INFO  o.e.m.j.i.AbstractJavaProjectConfigurator - Adding source folder /cantieri/src/main/java
2025-06-18 09:48:51,118 [Worker-4: Import Getting Started Content] INFO  o.e.m.j.i.AbstractJavaProjectConfigurator - Adding resource folder /cantieri/src/main/resources
2025-06-18 09:48:51,118 [Worker-4: Import Getting Started Content] INFO  o.e.m.j.i.AbstractJavaProjectConfigurator - Adding resource folder /cantieri/src/main/resources
2025-06-18 09:48:51,120 [Worker-4: Import Getting Started Content] INFO  o.e.m.j.i.AbstractJavaProjectConfigurator - Adding source folder /cantieri/src/test/java
2025-06-18 09:48:51,120 [Worker-4: Import Getting Started Content] INFO  o.e.m.j.i.AbstractJavaProjectConfigurator - Adding resource folder /cantieri/src/test/resources
2025-06-18 09:48:51,952 [Worker-4: Import Getting Started Content] INFO  o.e.m.c.i.p.ProjectConfigurationManager - Update completed for 1 poms: local refresh takes 0.00 sec, refresh facades takes 0.00 sec, update config takes 0.00 sec 
2025-06-18 09:48:53,048 [Worker-41: Building] INFO  o.a.m.s.f.DefaultMavenResourcesFiltering - Copying 1 resource from src\main\resources to target\classes
2025-06-18 09:48:53,064 [Worker-41: Building] INFO  o.a.m.s.f.DefaultMavenResourcesFiltering - Copying 0 resource from src\main\resources to target\classes
2025-06-18 09:48:53,071 [Worker-41: Building] INFO  o.a.m.s.f.DefaultMavenResourcesFiltering - skip non existing resourceDirectory C:\Users\SebastianGeraldMay\Desktop\GestioneCantieri\cantieri\src\test\resources
2025-06-18 10:02:36,285 [Worker-5: Loading available Gradle versions] INFO  o.e.b.c.i.u.g.PublishedGradleVersions - Gradle version information cache is up-to-date. Trying to read.
2025-06-18 11:35:37,949 [Worker-5: Loading available Gradle versions] INFO  o.e.b.c.i.u.g.PublishedGradleVersions - Gradle version information cache is up-to-date. Trying to read.
2025-06-18 11:35:51,935 [Worker-10: Building] INFO  o.e.m.c.i.l.LifecycleMappingFactory - Using org.eclipse.m2e.jdt.JarLifecycleMapping lifecycle mapping for MavenProject: it.fila1:cantieri:0.0.1-SNAPSHOT @ C:\Users\SebastianGeraldMay\Desktop\GestioneCantieri\backend\cantieri\pom.xml.
2025-06-18 11:35:53,795 [Worker-10: Building] INFO  o.a.m.s.f.DefaultMavenResourcesFiltering - Copying 1 resource from src\main\resources to target\classes
2025-06-18 11:35:53,806 [Worker-10: Building] INFO  o.a.m.s.f.DefaultMavenResourcesFiltering - skip non existing resourceDirectory C:\Users\SebastianGeraldMay\Desktop\GestioneCantieri\backend\cantieri\src\test\resources
2025-06-18 11:35:55,224 [Worker-22: Building] INFO  o.a.m.s.f.DefaultMavenResourcesFiltering - Copying 1 resource from src\main\resources to target\classes
2025-06-18 11:35:55,249 [Worker-22: Building] INFO  o.a.m.s.f.DefaultMavenResourcesFiltering - Copying 0 resource from src\main\resources to target\classes
2025-06-18 11:35:55,253 [Worker-22: Building] INFO  o.a.m.s.f.DefaultMavenResourcesFiltering - skip non existing resourceDirectory C:\Users\SebastianGeraldMay\Desktop\GestioneCantieri\backend\cantieri\src\test\resources
2025-06-18 11:52:05,873 [Worker-7: Building] INFO  o.a.m.s.f.DefaultMavenResourcesFiltering - Copying 1 resource from src\main\resources to target\classes
2025-06-18 11:52:05,879 [Worker-7: Building] INFO  o.a.m.s.f.DefaultMavenResourcesFiltering - Copying 0 resource from src\main\resources to target\classes
2025-06-18 11:52:05,882 [Worker-7: Building] INFO  o.a.m.s.f.DefaultMavenResourcesFiltering - skip non existing resourceDirectory C:\Users\SebastianGeraldMay\Desktop\GestioneCantieri\backend\cantieri\src\test\resources
2025-06-18 11:59:02,819 [Worker-42: Building] INFO  o.a.m.s.f.DefaultMavenResourcesFiltering - Copying 1 resource from src\main\resources to target\classes
2025-06-18 11:59:02,822 [Worker-42: Building] INFO  o.a.m.s.f.DefaultMavenResourcesFiltering - Copying 0 resource from src\main\resources to target\classes
2025-06-18 11:59:02,827 [Worker-42: Building] INFO  o.a.m.s.f.DefaultMavenResourcesFiltering - skip non existing resourceDirectory C:\Users\SebastianGeraldMay\Desktop\GestioneCantieri\backend\cantieri\src\test\resources
2025-06-18 12:00:41,119 [Worker-40: Building] INFO  o.a.m.s.f.DefaultMavenResourcesFiltering - Copying 1 resource from src\main\resources to target\classes
2025-06-18 12:00:41,122 [Worker-40: Building] INFO  o.a.m.s.f.DefaultMavenResourcesFiltering - Copying 0 resource from src\main\resources to target\classes
2025-06-18 12:00:41,125 [Worker-40: Building] INFO  o.a.m.s.f.DefaultMavenResourcesFiltering - skip non existing resourceDirectory C:\Users\SebastianGeraldMay\Desktop\GestioneCantieri\backend\cantieri\src\test\resources
2025-06-18 12:07:34,078 [Worker-40: Building] INFO  o.a.m.s.f.DefaultMavenResourcesFiltering - Copying 1 resource from src\main\resources to target\classes
2025-06-18 12:07:34,082 [Worker-40: Building] INFO  o.a.m.s.f.DefaultMavenResourcesFiltering - Copying 0 resource from src\main\resources to target\classes
2025-06-18 12:07:34,085 [Worker-40: Building] INFO  o.a.m.s.f.DefaultMavenResourcesFiltering - skip non existing resourceDirectory C:\Users\SebastianGeraldMay\Desktop\GestioneCantieri\backend\cantieri\src\test\resources
2025-06-18 12:07:45,748 [Worker-49: Building] INFO  o.a.m.s.f.DefaultMavenResourcesFiltering - Copying 1 resource from src\main\resources to target\classes
2025-06-18 12:07:45,749 [Worker-49: Building] INFO  o.a.m.s.f.DefaultMavenResourcesFiltering - Copying 0 resource from src\main\resources to target\classes
2025-06-18 12:07:45,751 [Worker-49: Building] INFO  o.a.m.s.f.DefaultMavenResourcesFiltering - skip non existing resourceDirectory C:\Users\SebastianGeraldMay\Desktop\GestioneCantieri\backend\cantieri\src\test\resources
2025-06-18 12:08:29,382 [Worker-50: Building] INFO  o.a.m.s.f.DefaultMavenResourcesFiltering - Copying 1 resource from src\main\resources to target\classes
2025-06-18 12:08:29,384 [Worker-50: Building] INFO  o.a.m.s.f.DefaultMavenResourcesFiltering - Copying 0 resource from src\main\resources to target\classes
2025-06-18 12:08:29,386 [Worker-50: Building] INFO  o.a.m.s.f.DefaultMavenResourcesFiltering - skip non existing resourceDirectory C:\Users\SebastianGeraldMay\Desktop\GestioneCantieri\backend\cantieri\src\test\resources
2025-06-18 12:09:37,848 [Worker-49: Building] INFO  o.a.m.s.f.DefaultMavenResourcesFiltering - Copying 1 resource from src\main\resources to target\classes
2025-06-18 12:09:37,855 [Worker-49: Building] INFO  o.a.m.s.f.DefaultMavenResourcesFiltering - Copying 0 resource from src\main\resources to target\classes
2025-06-18 12:09:37,857 [Worker-49: Building] INFO  o.a.m.s.f.DefaultMavenResourcesFiltering - skip non existing resourceDirectory C:\Users\SebastianGeraldMay\Desktop\GestioneCantieri\backend\cantieri\src\test\resources
2025-06-18 12:10:09,962 [Worker-44: Building] INFO  o.a.m.s.f.DefaultMavenResourcesFiltering - Copying 1 resource from src\main\resources to target\classes
2025-06-18 12:10:09,964 [Worker-44: Building] INFO  o.a.m.s.f.DefaultMavenResourcesFiltering - Copying 0 resource from src\main\resources to target\classes
2025-06-18 12:10:09,966 [Worker-44: Building] INFO  o.a.m.s.f.DefaultMavenResourcesFiltering - skip non existing resourceDirectory C:\Users\SebastianGeraldMay\Desktop\GestioneCantieri\backend\cantieri\src\test\resources
2025-06-18 12:10:18,040 [Worker-40: Building] INFO  o.a.m.s.f.DefaultMavenResourcesFiltering - Copying 1 resource from src\main\resources to target\classes
2025-06-18 12:10:18,042 [Worker-40: Building] INFO  o.a.m.s.f.DefaultMavenResourcesFiltering - Copying 0 resource from src\main\resources to target\classes
2025-06-18 12:10:18,045 [Worker-40: Building] INFO  o.a.m.s.f.DefaultMavenResourcesFiltering - skip non existing resourceDirectory C:\Users\SebastianGeraldMay\Desktop\GestioneCantieri\backend\cantieri\src\test\resources
2025-06-18 12:10:33,981 [Worker-47: Building] INFO  o.a.m.s.f.DefaultMavenResourcesFiltering - Copying 1 resource from src\main\resources to target\classes
2025-06-18 12:10:33,983 [Worker-47: Building] INFO  o.a.m.s.f.DefaultMavenResourcesFiltering - Copying 0 resource from src\main\resources to target\classes
2025-06-18 12:10:33,986 [Worker-47: Building] INFO  o.a.m.s.f.DefaultMavenResourcesFiltering - skip non existing resourceDirectory C:\Users\SebastianGeraldMay\Desktop\GestioneCantieri\backend\cantieri\src\test\resources
2025-06-18 12:11:54,079 [Worker-40: Building] INFO  o.a.m.s.f.DefaultMavenResourcesFiltering - Copying 1 resource from src\main\resources to target\classes
2025-06-18 12:11:54,082 [Worker-40: Building] INFO  o.a.m.s.f.DefaultMavenResourcesFiltering - Copying 0 resource from src\main\resources to target\classes
2025-06-18 12:11:54,084 [Worker-40: Building] INFO  o.a.m.s.f.DefaultMavenResourcesFiltering - skip non existing resourceDirectory C:\Users\SebastianGeraldMay\Desktop\GestioneCantieri\backend\cantieri\src\test\resources
2025-06-18 12:12:54,113 [Worker-44: Building] INFO  o.a.m.s.f.DefaultMavenResourcesFiltering - Copying 1 resource from src\main\resources to target\classes
2025-06-18 12:12:54,116 [Worker-44: Building] INFO  o.a.m.s.f.DefaultMavenResourcesFiltering - Copying 0 resource from src\main\resources to target\classes
2025-06-18 12:12:54,120 [Worker-44: Building] INFO  o.a.m.s.f.DefaultMavenResourcesFiltering - skip non existing resourceDirectory C:\Users\SebastianGeraldMay\Desktop\GestioneCantieri\backend\cantieri\src\test\resources
2025-06-18 12:13:27,779 [Worker-51: Building] INFO  o.a.m.s.f.DefaultMavenResourcesFiltering - Copying 1 resource from src\main\resources to target\classes
2025-06-18 12:13:27,781 [Worker-51: Building] INFO  o.a.m.s.f.DefaultMavenResourcesFiltering - Copying 0 resource from src\main\resources to target\classes
2025-06-18 12:13:27,783 [Worker-51: Building] INFO  o.a.m.s.f.DefaultMavenResourcesFiltering - skip non existing resourceDirectory C:\Users\SebastianGeraldMay\Desktop\GestioneCantieri\backend\cantieri\src\test\resources
2025-06-18 12:13:51,123 [Worker-47: Building] INFO  o.a.m.s.f.DefaultMavenResourcesFiltering - Copying 1 resource from src\main\resources to target\classes
2025-06-18 12:13:51,125 [Worker-47: Building] INFO  o.a.m.s.f.DefaultMavenResourcesFiltering - Copying 0 resource from src\main\resources to target\classes
2025-06-18 12:13:51,128 [Worker-47: Building] INFO  o.a.m.s.f.DefaultMavenResourcesFiltering - skip non existing resourceDirectory C:\Users\SebastianGeraldMay\Desktop\GestioneCantieri\backend\cantieri\src\test\resources
2025-06-18 12:14:12,669 [Worker-47: Building] INFO  o.a.m.s.f.DefaultMavenResourcesFiltering - Copying 1 resource from src\main\resources to target\classes
2025-06-18 12:14:12,671 [Worker-47: Building] INFO  o.a.m.s.f.DefaultMavenResourcesFiltering - Copying 0 resource from src\main\resources to target\classes
2025-06-18 12:14:12,674 [Worker-47: Building] INFO  o.a.m.s.f.DefaultMavenResourcesFiltering - skip non existing resourceDirectory C:\Users\SebastianGeraldMay\Desktop\GestioneCantieri\backend\cantieri\src\test\resources
2025-06-18 12:14:25,606 [Worker-50: Building] INFO  o.a.m.s.f.DefaultMavenResourcesFiltering - Copying 1 resource from src\main\resources to target\classes
2025-06-18 12:14:25,608 [Worker-50: Building] INFO  o.a.m.s.f.DefaultMavenResourcesFiltering - Copying 0 resource from src\main\resources to target\classes
2025-06-18 12:14:25,610 [Worker-50: Building] INFO  o.a.m.s.f.DefaultMavenResourcesFiltering - skip non existing resourceDirectory C:\Users\SebastianGeraldMay\Desktop\GestioneCantieri\backend\cantieri\src\test\resources
2025-06-18 12:14:46,024 [Worker-48: Building] INFO  o.a.m.s.f.DefaultMavenResourcesFiltering - Copying 1 resource from src\main\resources to target\classes
2025-06-18 12:14:46,026 [Worker-48: Building] INFO  o.a.m.s.f.DefaultMavenResourcesFiltering - Copying 0 resource from src\main\resources to target\classes
2025-06-18 12:14:46,029 [Worker-48: Building] INFO  o.a.m.s.f.DefaultMavenResourcesFiltering - skip non existing resourceDirectory C:\Users\SebastianGeraldMay\Desktop\GestioneCantieri\backend\cantieri\src\test\resources
2025-06-18 12:16:00,027 [Worker-48: Building] INFO  o.a.m.s.f.DefaultMavenResourcesFiltering - Copying 1 resource from src\main\resources to target\classes
2025-06-18 12:16:00,029 [Worker-48: Building] INFO  o.a.m.s.f.DefaultMavenResourcesFiltering - Copying 0 resource from src\main\resources to target\classes
2025-06-18 12:16:00,031 [Worker-48: Building] INFO  o.a.m.s.f.DefaultMavenResourcesFiltering - skip non existing resourceDirectory C:\Users\SebastianGeraldMay\Desktop\GestioneCantieri\backend\cantieri\src\test\resources
2025-06-18 12:16:14,452 [Worker-48: Building] INFO  o.a.m.s.f.DefaultMavenResourcesFiltering - Copying 1 resource from src\main\resources to target\classes
2025-06-18 12:16:14,454 [Worker-48: Building] INFO  o.a.m.s.f.DefaultMavenResourcesFiltering - Copying 0 resource from src\main\resources to target\classes
2025-06-18 12:16:14,456 [Worker-48: Building] INFO  o.a.m.s.f.DefaultMavenResourcesFiltering - skip non existing resourceDirectory C:\Users\SebastianGeraldMay\Desktop\GestioneCantieri\backend\cantieri\src\test\resources
2025-06-18 12:18:22,800 [Worker-48: Building] INFO  o.a.m.s.f.DefaultMavenResourcesFiltering - Copying 1 resource from src\main\resources to target\classes
2025-06-18 12:18:22,805 [Worker-48: Building] INFO  o.a.m.s.f.DefaultMavenResourcesFiltering - Copying 0 resource from src\main\resources to target\classes
2025-06-18 12:18:22,807 [Worker-48: Building] INFO  o.a.m.s.f.DefaultMavenResourcesFiltering - skip non existing resourceDirectory C:\Users\SebastianGeraldMay\Desktop\GestioneCantieri\backend\cantieri\src\test\resources
2025-06-18 12:18:30,416 [Worker-50: Building] INFO  o.a.m.s.f.DefaultMavenResourcesFiltering - Copying 1 resource from src\main\resources to target\classes
2025-06-18 12:18:30,418 [Worker-50: Building] INFO  o.a.m.s.f.DefaultMavenResourcesFiltering - Copying 0 resource from src\main\resources to target\classes
2025-06-18 12:18:30,419 [Worker-50: Building] INFO  o.a.m.s.f.DefaultMavenResourcesFiltering - skip non existing resourceDirectory C:\Users\SebastianGeraldMay\Desktop\GestioneCantieri\backend\cantieri\src\test\resources
2025-06-18 12:18:35,260 [Worker-47: Building] INFO  o.a.m.s.f.DefaultMavenResourcesFiltering - Copying 1 resource from src\main\resources to target\classes
2025-06-18 12:18:35,262 [Worker-47: Building] INFO  o.a.m.s.f.DefaultMavenResourcesFiltering - Copying 0 resource from src\main\resources to target\classes
2025-06-18 12:18:35,264 [Worker-47: Building] INFO  o.a.m.s.f.DefaultMavenResourcesFiltering - skip non existing resourceDirectory C:\Users\SebastianGeraldMay\Desktop\GestioneCantieri\backend\cantieri\src\test\resources
2025-06-18 12:19:11,956 [Worker-51: Building] INFO  o.a.m.s.f.DefaultMavenResourcesFiltering - Copying 1 resource from src\main\resources to target\classes
2025-06-18 12:19:11,958 [Worker-51: Building] INFO  o.a.m.s.f.DefaultMavenResourcesFiltering - Copying 0 resource from src\main\resources to target\classes
2025-06-18 12:19:11,962 [Worker-51: Building] INFO  o.a.m.s.f.DefaultMavenResourcesFiltering - skip non existing resourceDirectory C:\Users\SebastianGeraldMay\Desktop\GestioneCantieri\backend\cantieri\src\test\resources
2025-06-18 12:21:31,966 [Worker-47: Building] INFO  o.a.m.s.f.DefaultMavenResourcesFiltering - Copying 1 resource from src\main\resources to target\classes
2025-06-18 12:21:31,969 [Worker-47: Building] INFO  o.a.m.s.f.DefaultMavenResourcesFiltering - Copying 0 resource from src\main\resources to target\classes
2025-06-18 12:21:31,971 [Worker-47: Building] INFO  o.a.m.s.f.DefaultMavenResourcesFiltering - skip non existing resourceDirectory C:\Users\SebastianGeraldMay\Desktop\GestioneCantieri\backend\cantieri\src\test\resources
2025-06-18 12:21:53,161 [Worker-44: Building] INFO  o.a.m.s.f.DefaultMavenResourcesFiltering - Copying 1 resource from src\main\resources to target\classes
2025-06-18 12:21:53,163 [Worker-44: Building] INFO  o.a.m.s.f.DefaultMavenResourcesFiltering - Copying 0 resource from src\main\resources to target\classes
2025-06-18 12:21:53,165 [Worker-44: Building] INFO  o.a.m.s.f.DefaultMavenResourcesFiltering - skip non existing resourceDirectory C:\Users\SebastianGeraldMay\Desktop\GestioneCantieri\backend\cantieri\src\test\resources
2025-06-18 12:23:51,914 [Worker-51: Building] INFO  o.a.m.s.f.DefaultMavenResourcesFiltering - Copying 1 resource from src\main\resources to target\classes
2025-06-18 12:23:51,916 [Worker-51: Building] INFO  o.a.m.s.f.DefaultMavenResourcesFiltering - Copying 0 resource from src\main\resources to target\classes
2025-06-18 12:23:51,918 [Worker-51: Building] INFO  o.a.m.s.f.DefaultMavenResourcesFiltering - skip non existing resourceDirectory C:\Users\SebastianGeraldMay\Desktop\GestioneCantieri\backend\cantieri\src\test\resources
2025-06-18 12:24:51,516 [Worker-52: Building] INFO  o.a.m.s.f.DefaultMavenResourcesFiltering - Copying 1 resource from src\main\resources to target\classes
2025-06-18 12:24:51,519 [Worker-52: Building] INFO  o.a.m.s.f.DefaultMavenResourcesFiltering - Copying 0 resource from src\main\resources to target\classes
2025-06-18 12:24:51,521 [Worker-52: Building] INFO  o.a.m.s.f.DefaultMavenResourcesFiltering - skip non existing resourceDirectory C:\Users\SebastianGeraldMay\Desktop\GestioneCantieri\backend\cantieri\src\test\resources
2025-06-18 14:28:19,650 [Worker-54: Building] INFO  o.a.m.s.f.DefaultMavenResourcesFiltering - Copying 1 resource from src\main\resources to target\classes
2025-06-18 14:28:19,670 [Worker-54: Building] INFO  o.a.m.s.f.DefaultMavenResourcesFiltering - Copying 0 resource from src\main\resources to target\classes
2025-06-18 14:28:19,678 [Worker-54: Building] INFO  o.a.m.s.f.DefaultMavenResourcesFiltering - skip non existing resourceDirectory C:\Users\SebastianGeraldMay\Desktop\GestioneCantieri\backend\cantieri\src\test\resources
2025-06-18 14:30:38,055 [Worker-54: Building] INFO  o.a.m.s.f.DefaultMavenResourcesFiltering - Copying 1 resource from src\main\resources to target\classes
2025-06-18 14:30:38,072 [Worker-54: Building] INFO  o.a.m.s.f.DefaultMavenResourcesFiltering - Copying 0 resource from src\main\resources to target\classes
2025-06-18 14:30:38,076 [Worker-54: Building] INFO  o.a.m.s.f.DefaultMavenResourcesFiltering - skip non existing resourceDirectory C:\Users\SebastianGeraldMay\Desktop\GestioneCantieri\backend\cantieri\src\test\resources
2025-06-18 14:31:47,632 [Worker-51: Building] INFO  o.a.m.s.f.DefaultMavenResourcesFiltering - Copying 1 resource from src\main\resources to target\classes
2025-06-18 14:31:47,663 [Worker-51: Building] INFO  o.a.m.s.f.DefaultMavenResourcesFiltering - Copying 0 resource from src\main\resources to target\classes
2025-06-18 14:31:47,668 [Worker-51: Building] INFO  o.a.m.s.f.DefaultMavenResourcesFiltering - skip non existing resourceDirectory C:\Users\SebastianGeraldMay\Desktop\GestioneCantieri\backend\cantieri\src\test\resources
2025-06-18 14:33:47,479 [Worker-53: Building] INFO  o.a.m.s.f.DefaultMavenResourcesFiltering - Copying 1 resource from src\main\resources to target\classes
2025-06-18 14:33:47,487 [Worker-53: Building] INFO  o.a.m.s.f.DefaultMavenResourcesFiltering - Copying 0 resource from src\main\resources to target\classes
2025-06-18 14:33:47,492 [Worker-53: Building] INFO  o.a.m.s.f.DefaultMavenResourcesFiltering - skip non existing resourceDirectory C:\Users\SebastianGeraldMay\Desktop\GestioneCantieri\backend\cantieri\src\test\resources
2025-06-18 14:33:51,344 [Worker-47: Building] INFO  o.a.m.s.f.DefaultMavenResourcesFiltering - Copying 1 resource from src\main\resources to target\classes
2025-06-18 14:33:51,354 [Worker-47: Building] INFO  o.a.m.s.f.DefaultMavenResourcesFiltering - Copying 0 resource from src\main\resources to target\classes
2025-06-18 14:33:51,360 [Worker-47: Building] INFO  o.a.m.s.f.DefaultMavenResourcesFiltering - skip non existing resourceDirectory C:\Users\SebastianGeraldMay\Desktop\GestioneCantieri\backend\cantieri\src\test\resources
2025-06-18 14:41:11,579 [Worker-53: Building] INFO  o.a.m.s.f.DefaultMavenResourcesFiltering - Copying 1 resource from src\main\resources to target\classes
2025-06-18 14:41:11,585 [Worker-53: Building] INFO  o.a.m.s.f.DefaultMavenResourcesFiltering - Copying 0 resource from src\main\resources to target\classes
2025-06-18 14:41:11,590 [Worker-53: Building] INFO  o.a.m.s.f.DefaultMavenResourcesFiltering - skip non existing resourceDirectory C:\Users\SebastianGeraldMay\Desktop\GestioneCantieri\backend\cantieri\src\test\resources
2025-06-18 16:03:49,000 [Worker-61: Building] INFO  o.a.m.s.f.DefaultMavenResourcesFiltering - Copying 1 resource from src\main\resources to target\classes
2025-06-18 16:03:49,036 [Worker-61: Building] INFO  o.a.m.s.f.DefaultMavenResourcesFiltering - Copying 0 resource from src\main\resources to target\classes
2025-06-18 16:03:49,041 [Worker-61: Building] INFO  o.a.m.s.f.DefaultMavenResourcesFiltering - skip non existing resourceDirectory C:\Users\SebastianGeraldMay\Desktop\GestioneCantieri\backend\cantieri\src\test\resources
2025-06-18 16:04:46,712 [Worker-62: Building] INFO  o.a.m.s.f.DefaultMavenResourcesFiltering - Copying 1 resource from src\main\resources to target\classes
2025-06-18 16:04:46,718 [Worker-62: Building] INFO  o.a.m.s.f.DefaultMavenResourcesFiltering - Copying 0 resource from src\main\resources to target\classes
2025-06-18 16:04:46,723 [Worker-62: Building] INFO  o.a.m.s.f.DefaultMavenResourcesFiltering - skip non existing resourceDirectory C:\Users\SebastianGeraldMay\Desktop\GestioneCantieri\backend\cantieri\src\test\resources
2025-06-18 16:05:42,185 [Worker-63: Building] INFO  o.a.m.s.f.DefaultMavenResourcesFiltering - Copying 1 resource from src\main\resources to target\classes
2025-06-18 16:05:42,190 [Worker-63: Building] INFO  o.a.m.s.f.DefaultMavenResourcesFiltering - Copying 0 resource from src\main\resources to target\classes
2025-06-18 16:05:42,195 [Worker-63: Building] INFO  o.a.m.s.f.DefaultMavenResourcesFiltering - skip non existing resourceDirectory C:\Users\SebastianGeraldMay\Desktop\GestioneCantieri\backend\cantieri\src\test\resources
2025-06-18 16:07:02,216 [Worker-58: Building] INFO  o.a.m.s.f.DefaultMavenResourcesFiltering - Copying 1 resource from src\main\resources to target\classes
2025-06-18 16:07:02,223 [Worker-58: Building] INFO  o.a.m.s.f.DefaultMavenResourcesFiltering - Copying 0 resource from src\main\resources to target\classes
2025-06-18 16:07:02,227 [Worker-58: Building] INFO  o.a.m.s.f.DefaultMavenResourcesFiltering - skip non existing resourceDirectory C:\Users\SebastianGeraldMay\Desktop\GestioneCantieri\backend\cantieri\src\test\resources
2025-06-18 16:07:46,211 [Worker-58: Building] INFO  o.a.m.s.f.DefaultMavenResourcesFiltering - Copying 1 resource from src\main\resources to target\classes
2025-06-18 16:07:46,217 [Worker-58: Building] INFO  o.a.m.s.f.DefaultMavenResourcesFiltering - Copying 0 resource from src\main\resources to target\classes
2025-06-18 16:07:46,222 [Worker-58: Building] INFO  o.a.m.s.f.DefaultMavenResourcesFiltering - skip non existing resourceDirectory C:\Users\SebastianGeraldMay\Desktop\GestioneCantieri\backend\cantieri\src\test\resources
2025-06-18 16:07:52,316 [Worker-58: Building] INFO  o.a.m.s.f.DefaultMavenResourcesFiltering - Copying 1 resource from src\main\resources to target\classes
2025-06-18 16:07:52,344 [Worker-58: Building] INFO  o.a.m.s.f.DefaultMavenResourcesFiltering - Copying 0 resource from src\main\resources to target\classes
2025-06-18 16:07:52,349 [Worker-58: Building] INFO  o.a.m.s.f.DefaultMavenResourcesFiltering - skip non existing resourceDirectory C:\Users\SebastianGeraldMay\Desktop\GestioneCantieri\backend\cantieri\src\test\resources
2025-06-18 16:08:28,499 [Worker-61: Building] INFO  o.a.m.s.f.DefaultMavenResourcesFiltering - Copying 1 resource from src\main\resources to target\classes
2025-06-18 16:08:28,503 [Worker-61: Building] INFO  o.a.m.s.f.DefaultMavenResourcesFiltering - Copying 0 resource from src\main\resources to target\classes
2025-06-18 16:08:28,508 [Worker-61: Building] INFO  o.a.m.s.f.DefaultMavenResourcesFiltering - skip non existing resourceDirectory C:\Users\SebastianGeraldMay\Desktop\GestioneCantieri\backend\cantieri\src\test\resources
2025-06-18 16:08:56,489 [Worker-62: Building] INFO  o.a.m.s.f.DefaultMavenResourcesFiltering - Copying 1 resource from src\main\resources to target\classes
2025-06-18 16:08:56,493 [Worker-62: Building] INFO  o.a.m.s.f.DefaultMavenResourcesFiltering - Copying 0 resource from src\main\resources to target\classes
2025-06-18 16:08:56,496 [Worker-62: Building] INFO  o.a.m.s.f.DefaultMavenResourcesFiltering - skip non existing resourceDirectory C:\Users\SebastianGeraldMay\Desktop\GestioneCantieri\backend\cantieri\src\test\resources
2025-06-18 16:12:04,192 [Worker-62: Building] INFO  o.a.m.s.f.DefaultMavenResourcesFiltering - Copying 1 resource from src\main\resources to target\classes
2025-06-18 16:12:04,196 [Worker-62: Building] INFO  o.a.m.s.f.DefaultMavenResourcesFiltering - Copying 0 resource from src\main\resources to target\classes
2025-06-18 16:12:04,200 [Worker-62: Building] INFO  o.a.m.s.f.DefaultMavenResourcesFiltering - skip non existing resourceDirectory C:\Users\SebastianGeraldMay\Desktop\GestioneCantieri\backend\cantieri\src\test\resources
2025-06-18 16:21:08,224 [Worker-65: Building] INFO  o.a.m.s.f.DefaultMavenResourcesFiltering - Copying 1 resource from src\main\resources to target\classes
2025-06-18 16:21:08,231 [Worker-65: Building] INFO  o.a.m.s.f.DefaultMavenResourcesFiltering - Copying 0 resource from src\main\resources to target\classes
2025-06-18 16:21:08,237 [Worker-65: Building] INFO  o.a.m.s.f.DefaultMavenResourcesFiltering - skip non existing resourceDirectory C:\Users\SebastianGeraldMay\Desktop\GestioneCantieri\backend\cantieri\src\test\resources
2025-06-18 16:21:19,168 [Worker-47: Building] INFO  o.a.m.s.f.DefaultMavenResourcesFiltering - Copying 1 resource from src\main\resources to target\classes
2025-06-18 16:21:19,175 [Worker-47: Building] INFO  o.a.m.s.f.DefaultMavenResourcesFiltering - Copying 0 resource from src\main\resources to target\classes
2025-06-18 16:21:19,179 [Worker-47: Building] INFO  o.a.m.s.f.DefaultMavenResourcesFiltering - skip non existing resourceDirectory C:\Users\SebastianGeraldMay\Desktop\GestioneCantieri\backend\cantieri\src\test\resources
2025-06-18 16:21:31,039 [Worker-59: Building] INFO  o.a.m.s.f.DefaultMavenResourcesFiltering - Copying 1 resource from src\main\resources to target\classes
2025-06-18 16:21:31,047 [Worker-59: Building] INFO  o.a.m.s.f.DefaultMavenResourcesFiltering - Copying 0 resource from src\main\resources to target\classes
2025-06-18 16:21:31,050 [Worker-59: Building] INFO  o.a.m.s.f.DefaultMavenResourcesFiltering - skip non existing resourceDirectory C:\Users\SebastianGeraldMay\Desktop\GestioneCantieri\backend\cantieri\src\test\resources
2025-06-18 16:21:33,064 [Worker-66: Building] INFO  o.a.m.s.f.DefaultMavenResourcesFiltering - Copying 1 resource from src\main\resources to target\classes
2025-06-18 16:21:33,074 [Worker-66: Building] INFO  o.a.m.s.f.DefaultMavenResourcesFiltering - Copying 0 resource from src\main\resources to target\classes
2025-06-18 16:21:33,078 [Worker-66: Building] INFO  o.a.m.s.f.DefaultMavenResourcesFiltering - skip non existing resourceDirectory C:\Users\SebastianGeraldMay\Desktop\GestioneCantieri\backend\cantieri\src\test\resources
2025-06-18 16:22:00,755 [Worker-65: Building] INFO  o.a.m.s.f.DefaultMavenResourcesFiltering - Copying 1 resource from src\main\resources to target\classes
2025-06-18 16:22:00,768 [Worker-65: Building] INFO  o.a.m.s.f.DefaultMavenResourcesFiltering - Copying 0 resource from src\main\resources to target\classes
2025-06-18 16:22:00,773 [Worker-65: Building] INFO  o.a.m.s.f.DefaultMavenResourcesFiltering - skip non existing resourceDirectory C:\Users\SebastianGeraldMay\Desktop\GestioneCantieri\backend\cantieri\src\test\resources
2025-06-18 16:22:35,961 [Worker-66: Building] INFO  o.a.m.s.f.DefaultMavenResourcesFiltering - Copying 1 resource from src\main\resources to target\classes
2025-06-18 16:22:35,972 [Worker-66: Building] INFO  o.a.m.s.f.DefaultMavenResourcesFiltering - Copying 0 resource from src\main\resources to target\classes
2025-06-18 16:22:35,977 [Worker-66: Building] INFO  o.a.m.s.f.DefaultMavenResourcesFiltering - skip non existing resourceDirectory C:\Users\SebastianGeraldMay\Desktop\GestioneCantieri\backend\cantieri\src\test\resources
2025-06-18 16:23:33,971 [Worker-66: Building] INFO  o.a.m.s.f.DefaultMavenResourcesFiltering - Copying 1 resource from src\main\resources to target\classes
2025-06-18 16:23:33,976 [Worker-66: Building] INFO  o.a.m.s.f.DefaultMavenResourcesFiltering - Copying 0 resource from src\main\resources to target\classes
2025-06-18 16:23:33,980 [Worker-66: Building] INFO  o.a.m.s.f.DefaultMavenResourcesFiltering - skip non existing resourceDirectory C:\Users\SebastianGeraldMay\Desktop\GestioneCantieri\backend\cantieri\src\test\resources
2025-06-18 16:26:29,845 [Worker-65: Building] INFO  o.a.m.s.f.DefaultMavenResourcesFiltering - Copying 1 resource from src\main\resources to target\classes
2025-06-18 16:26:29,853 [Worker-65: Building] INFO  o.a.m.s.f.DefaultMavenResourcesFiltering - Copying 0 resource from src\main\resources to target\classes
2025-06-18 16:26:29,857 [Worker-65: Building] INFO  o.a.m.s.f.DefaultMavenResourcesFiltering - skip non existing resourceDirectory C:\Users\SebastianGeraldMay\Desktop\GestioneCantieri\backend\cantieri\src\test\resources
2025-06-18 16:26:51,656 [Worker-65: Building] INFO  o.a.m.s.f.DefaultMavenResourcesFiltering - Copying 1 resource from src\main\resources to target\classes
2025-06-18 16:26:51,662 [Worker-65: Building] INFO  o.a.m.s.f.DefaultMavenResourcesFiltering - Copying 0 resource from src\main\resources to target\classes
2025-06-18 16:26:51,666 [Worker-65: Building] INFO  o.a.m.s.f.DefaultMavenResourcesFiltering - skip non existing resourceDirectory C:\Users\SebastianGeraldMay\Desktop\GestioneCantieri\backend\cantieri\src\test\resources
2025-06-18 16:27:25,240 [Worker-59: Building] INFO  o.a.m.s.f.DefaultMavenResourcesFiltering - Copying 1 resource from src\main\resources to target\classes
2025-06-18 16:27:25,243 [Worker-59: Building] INFO  o.a.m.s.f.DefaultMavenResourcesFiltering - Copying 0 resource from src\main\resources to target\classes
2025-06-18 16:27:25,246 [Worker-59: Building] INFO  o.a.m.s.f.DefaultMavenResourcesFiltering - skip non existing resourceDirectory C:\Users\SebastianGeraldMay\Desktop\GestioneCantieri\backend\cantieri\src\test\resources
2025-06-18 16:29:17,056 [Worker-47: Building] INFO  o.a.m.s.f.DefaultMavenResourcesFiltering - Copying 1 resource from src\main\resources to target\classes
2025-06-18 16:29:17,061 [Worker-47: Building] INFO  o.a.m.s.f.DefaultMavenResourcesFiltering - Copying 0 resource from src\main\resources to target\classes
2025-06-18 16:29:17,064 [Worker-47: Building] INFO  o.a.m.s.f.DefaultMavenResourcesFiltering - skip non existing resourceDirectory C:\Users\SebastianGeraldMay\Desktop\GestioneCantieri\backend\cantieri\src\test\resources
2025-06-18 16:29:41,108 [Worker-67: Building] INFO  o.a.m.s.f.DefaultMavenResourcesFiltering - Copying 1 resource from src\main\resources to target\classes
2025-06-18 16:29:41,112 [Worker-67: Building] INFO  o.a.m.s.f.DefaultMavenResourcesFiltering - Copying 0 resource from src\main\resources to target\classes
2025-06-18 16:29:41,114 [Worker-67: Building] INFO  o.a.m.s.f.DefaultMavenResourcesFiltering - skip non existing resourceDirectory C:\Users\SebastianGeraldMay\Desktop\GestioneCantieri\backend\cantieri\src\test\resources
2025-06-18 16:35:16,643 [Worker-59: Building] INFO  o.a.m.s.f.DefaultMavenResourcesFiltering - Copying 1 resource from src\main\resources to target\classes
2025-06-18 16:35:16,650 [Worker-59: Building] INFO  o.a.m.s.f.DefaultMavenResourcesFiltering - Copying 0 resource from src\main\resources to target\classes
2025-06-18 16:35:16,656 [Worker-59: Building] INFO  o.a.m.s.f.DefaultMavenResourcesFiltering - skip non existing resourceDirectory C:\Users\SebastianGeraldMay\Desktop\GestioneCantieri\backend\cantieri\src\test\resources
2025-06-18 16:37:11,442 [Worker-66: Building] INFO  o.a.m.s.f.DefaultMavenResourcesFiltering - Copying 1 resource from src\main\resources to target\classes
2025-06-18 16:37:11,445 [Worker-66: Building] INFO  o.a.m.s.f.DefaultMavenResourcesFiltering - Copying 0 resource from src\main\resources to target\classes
2025-06-18 16:37:11,447 [Worker-66: Building] INFO  o.a.m.s.f.DefaultMavenResourcesFiltering - skip non existing resourceDirectory C:\Users\SebastianGeraldMay\Desktop\GestioneCantieri\backend\cantieri\src\test\resources
2025-06-18 16:37:45,562 [Worker-69: Building] INFO  o.a.m.s.f.DefaultMavenResourcesFiltering - Copying 1 resource from src\main\resources to target\classes
2025-06-18 16:37:45,565 [Worker-69: Building] INFO  o.a.m.s.f.DefaultMavenResourcesFiltering - Copying 0 resource from src\main\resources to target\classes
2025-06-18 16:37:45,566 [Worker-69: Building] INFO  o.a.m.s.f.DefaultMavenResourcesFiltering - skip non existing resourceDirectory C:\Users\SebastianGeraldMay\Desktop\GestioneCantieri\backend\cantieri\src\test\resources
2025-06-18 16:38:14,103 [Worker-68: Building] INFO  o.a.m.s.f.DefaultMavenResourcesFiltering - Copying 1 resource from src\main\resources to target\classes
2025-06-18 16:38:14,106 [Worker-68: Building] INFO  o.a.m.s.f.DefaultMavenResourcesFiltering - Copying 0 resource from src\main\resources to target\classes
2025-06-18 16:38:14,108 [Worker-68: Building] INFO  o.a.m.s.f.DefaultMavenResourcesFiltering - skip non existing resourceDirectory C:\Users\SebastianGeraldMay\Desktop\GestioneCantieri\backend\cantieri\src\test\resources
2025-06-18 16:38:23,422 [Worker-59: Building] INFO  o.a.m.s.f.DefaultMavenResourcesFiltering - Copying 1 resource from src\main\resources to target\classes
2025-06-18 16:38:23,424 [Worker-59: Building] INFO  o.a.m.s.f.DefaultMavenResourcesFiltering - Copying 0 resource from src\main\resources to target\classes
2025-06-18 16:38:23,426 [Worker-59: Building] INFO  o.a.m.s.f.DefaultMavenResourcesFiltering - skip non existing resourceDirectory C:\Users\SebastianGeraldMay\Desktop\GestioneCantieri\backend\cantieri\src\test\resources
2025-06-18 16:39:14,693 [Worker-66: Building] INFO  o.a.m.s.f.DefaultMavenResourcesFiltering - Copying 1 resource from src\main\resources to target\classes
2025-06-18 16:39:14,696 [Worker-66: Building] INFO  o.a.m.s.f.DefaultMavenResourcesFiltering - Copying 0 resource from src\main\resources to target\classes
2025-06-18 16:39:14,699 [Worker-66: Building] INFO  o.a.m.s.f.DefaultMavenResourcesFiltering - skip non existing resourceDirectory C:\Users\SebastianGeraldMay\Desktop\GestioneCantieri\backend\cantieri\src\test\resources
2025-06-18 16:41:03,256 [Worker-66: Building] INFO  o.a.m.s.f.DefaultMavenResourcesFiltering - Copying 1 resource from src\main\resources to target\classes
2025-06-18 16:41:03,260 [Worker-66: Building] INFO  o.a.m.s.f.DefaultMavenResourcesFiltering - Copying 0 resource from src\main\resources to target\classes
2025-06-18 16:41:03,266 [Worker-66: Building] INFO  o.a.m.s.f.DefaultMavenResourcesFiltering - skip non existing resourceDirectory C:\Users\SebastianGeraldMay\Desktop\GestioneCantieri\backend\cantieri\src\test\resources
2025-06-18 16:57:49,715 [Worker-74: Building] INFO  o.a.m.s.f.DefaultMavenResourcesFiltering - Copying 1 resource from src\main\resources to target\classes
2025-06-18 16:57:49,719 [Worker-74: Building] INFO  o.a.m.s.f.DefaultMavenResourcesFiltering - Copying 0 resource from src\main\resources to target\classes
2025-06-18 16:57:49,722 [Worker-74: Building] INFO  o.a.m.s.f.DefaultMavenResourcesFiltering - skip non existing resourceDirectory C:\Users\SebastianGeraldMay\Desktop\GestioneCantieri\backend\cantieri\src\test\resources
2025-06-18 16:58:03,062 [Worker-74: Building] INFO  o.a.m.s.f.DefaultMavenResourcesFiltering - Copying 1 resource from src\main\resources to target\classes
2025-06-18 16:58:03,065 [Worker-74: Building] INFO  o.a.m.s.f.DefaultMavenResourcesFiltering - Copying 0 resource from src\main\resources to target\classes
2025-06-18 16:58:03,067 [Worker-74: Building] INFO  o.a.m.s.f.DefaultMavenResourcesFiltering - skip non existing resourceDirectory C:\Users\SebastianGeraldMay\Desktop\GestioneCantieri\backend\cantieri\src\test\resources
2025-06-18 16:58:30,894 [Worker-78: Building] INFO  o.a.m.s.f.DefaultMavenResourcesFiltering - Copying 1 resource from src\main\resources to target\classes
2025-06-18 16:58:30,901 [Worker-78: Building] INFO  o.a.m.s.f.DefaultMavenResourcesFiltering - Copying 0 resource from src\main\resources to target\classes
2025-06-18 16:58:30,903 [Worker-78: Building] INFO  o.a.m.s.f.DefaultMavenResourcesFiltering - skip non existing resourceDirectory C:\Users\SebastianGeraldMay\Desktop\GestioneCantieri\backend\cantieri\src\test\resources
2025-06-18 16:59:09,866 [Worker-78: Building] INFO  o.a.m.s.f.DefaultMavenResourcesFiltering - Copying 1 resource from src\main\resources to target\classes
2025-06-18 16:59:09,869 [Worker-78: Building] INFO  o.a.m.s.f.DefaultMavenResourcesFiltering - Copying 0 resource from src\main\resources to target\classes
2025-06-18 16:59:09,871 [Worker-78: Building] INFO  o.a.m.s.f.DefaultMavenResourcesFiltering - skip non existing resourceDirectory C:\Users\SebastianGeraldMay\Desktop\GestioneCantieri\backend\cantieri\src\test\resources
2025-06-18 16:59:18,166 [Worker-81: Building] INFO  o.a.m.s.f.DefaultMavenResourcesFiltering - Copying 1 resource from src\main\resources to target\classes
2025-06-18 16:59:18,168 [Worker-81: Building] INFO  o.a.m.s.f.DefaultMavenResourcesFiltering - Copying 0 resource from src\main\resources to target\classes
2025-06-18 16:59:18,170 [Worker-81: Building] INFO  o.a.m.s.f.DefaultMavenResourcesFiltering - skip non existing resourceDirectory C:\Users\SebastianGeraldMay\Desktop\GestioneCantieri\backend\cantieri\src\test\resources
2025-06-18 16:59:48,487 [Worker-75: Building] INFO  o.a.m.s.f.DefaultMavenResourcesFiltering - Copying 1 resource from src\main\resources to target\classes
2025-06-18 16:59:48,490 [Worker-75: Building] INFO  o.a.m.s.f.DefaultMavenResourcesFiltering - Copying 0 resource from src\main\resources to target\classes
2025-06-18 16:59:48,492 [Worker-75: Building] INFO  o.a.m.s.f.DefaultMavenResourcesFiltering - skip non existing resourceDirectory C:\Users\SebastianGeraldMay\Desktop\GestioneCantieri\backend\cantieri\src\test\resources
2025-06-18 17:01:03,389 [Worker-75: Building] INFO  o.a.m.s.f.DefaultMavenResourcesFiltering - Copying 1 resource from src\main\resources to target\classes
2025-06-18 17:01:03,391 [Worker-75: Building] INFO  o.a.m.s.f.DefaultMavenResourcesFiltering - Copying 0 resource from src\main\resources to target\classes
2025-06-18 17:01:03,393 [Worker-75: Building] INFO  o.a.m.s.f.DefaultMavenResourcesFiltering - skip non existing resourceDirectory C:\Users\SebastianGeraldMay\Desktop\GestioneCantieri\backend\cantieri\src\test\resources
2025-06-18 17:04:04,814 [Worker-74: Building] INFO  o.a.m.s.f.DefaultMavenResourcesFiltering - Copying 1 resource from src\main\resources to target\classes
2025-06-18 17:04:04,817 [Worker-74: Building] INFO  o.a.m.s.f.DefaultMavenResourcesFiltering - Copying 0 resource from src\main\resources to target\classes
2025-06-18 17:04:04,819 [Worker-74: Building] INFO  o.a.m.s.f.DefaultMavenResourcesFiltering - skip non existing resourceDirectory C:\Users\SebastianGeraldMay\Desktop\GestioneCantieri\backend\cantieri\src\test\resources
2025-06-29 11:14:50,176 [Worker-2: Loading available Gradle versions] INFO  o.e.b.c.i.u.g.PublishedGradleVersions - Gradle version information cache is up-to-date. Trying to read.
2025-06-29 11:14:54,669 [Worker-1: Building] INFO  o.e.m.c.i.l.LifecycleMappingFactory - Using org.eclipse.m2e.jdt.JarLifecycleMapping lifecycle mapping for MavenProject: it.fila1:cantieri:0.0.1-SNAPSHOT @ /home/sebs/Documents/esercizzi/learningProject/Cantieri/backend/cantieri/pom.xml.
2025-06-29 11:14:57,494 [Worker-1: Building] INFO  o.a.m.s.f.DefaultMavenResourcesFiltering - Copying 1 resource from src/main/resources to target/classes
2025-06-29 11:14:57,591 [Worker-1: Building] INFO  o.a.m.s.f.DefaultMavenResourcesFiltering - Copying 0 resource from src/main/resources to target/classes
2025-06-29 11:14:57,594 [Worker-1: Building] INFO  o.a.m.s.f.DefaultMavenResourcesFiltering - skip non existing resourceDirectory /home/sebs/Documents/esercizzi/learningProject/Cantieri/backend/cantieri/src/test/resources
2025-06-29 11:14:58,317 [Worker-3: Updating Maven Project] INFO  o.e.m.c.i.p.ProjectConfigurationManager - Update started
2025-06-29 11:14:58,403 [Worker-3: Updating Maven Project] INFO  o.e.m.c.i.l.LifecycleMappingFactory - Using org.eclipse.m2e.jdt.JarLifecycleMapping lifecycle mapping for MavenProject: it.fila1:cantieri:0.0.1-SNAPSHOT @ /home/sebs/Documents/esercizzi/learningProject/Cantieri/backend/cantieri/pom.xml.
2025-06-29 11:14:58,587 [Worker-3: Updating Maven Project] INFO  o.e.m.j.i.AbstractJavaProjectConfigurator - Adding source folder /cantieri/src/main/java
2025-06-29 11:14:58,589 [Worker-3: Updating Maven Project] INFO  o.e.m.j.i.AbstractJavaProjectConfigurator - Adding resource folder /cantieri/src/main/resources
2025-06-29 11:14:58,589 [Worker-3: Updating Maven Project] INFO  o.e.m.j.i.AbstractJavaProjectConfigurator - Adding resource folder /cantieri/src/main/resources
2025-06-29 11:14:58,590 [Worker-3: Updating Maven Project] INFO  o.e.m.j.i.AbstractJavaProjectConfigurator - Adding source folder /cantieri/src/test/java
2025-06-29 11:14:58,590 [Worker-3: Updating Maven Project] INFO  o.e.m.j.i.AbstractJavaProjectConfigurator - Adding resource folder /cantieri/src/test/resources
2025-06-29 11:14:59,007 [Worker-3: Updating Maven Project] INFO  o.e.m.c.i.p.ProjectConfigurationManager - Update completed for 1 poms: local refresh takes 0.00 sec, refresh facades takes 0.00 sec, update config takes 0.00 sec 
2025-06-29 11:15:01,639 [Worker-29: Building] INFO  o.a.m.s.f.DefaultMavenResourcesFiltering - Copying 1 resource from src/main/resources to target/classes
2025-06-29 11:15:01,662 [Worker-29: Building] INFO  o.a.m.s.f.DefaultMavenResourcesFiltering - Copying 0 resource from src/main/resources to target/classes
2025-06-29 11:15:01,665 [Worker-29: Building] INFO  o.a.m.s.f.DefaultMavenResourcesFiltering - skip non existing resourceDirectory /home/sebs/Documents/esercizzi/learningProject/Cantieri/backend/cantieri/src/test/resources
2025-06-29 11:18:37,428 [Worker-15: Updating Maven Dependencies] INFO  o.e.m.c.i.l.LifecycleMappingFactory - Using org.eclipse.m2e.jdt.JarLifecycleMapping lifecycle mapping for MavenProject: it.fila1:cantieri:0.0.1-SNAPSHOT @ /home/sebs/Documents/esercizzi/learningProject/Cantieri/backend/cantieri/pom.xml.
2025-06-29 11:18:38,497 [Worker-16: Building] INFO  o.a.m.s.f.DefaultMavenResourcesFiltering - Copying 1 resource from src/main/resources to target/classes
2025-06-29 11:18:38,505 [Worker-16: Building] INFO  o.a.m.s.f.DefaultMavenResourcesFiltering - Copying 0 resource from src/main/resources to target/classes
2025-06-29 11:18:38,508 [Worker-16: Building] INFO  o.a.m.s.f.DefaultMavenResourcesFiltering - skip non existing resourceDirectory /home/sebs/Documents/esercizzi/learningProject/Cantieri/backend/cantieri/src/test/resources
2025-06-29 12:47:35,104 [Worker-1: Loading available Gradle versions] INFO  o.e.b.c.i.u.g.PublishedGradleVersions - Gradle version information cache is up-to-date. Trying to read.
2025-06-29 12:48:07,880 [Worker-14: Updating Maven Dependencies] INFO  o.e.m.c.i.l.LifecycleMappingFactory - Using org.eclipse.m2e.jdt.JarLifecycleMapping lifecycle mapping for MavenProject: it.fila1:cantieri2:0.0.1-SNAPSHOT @ /home/sebs/Documents/esercizzi/learningProject/Cantieri/backend/cantieri2/pom.xml.
2025-06-29 12:48:08,121 [Worker-15: Building] INFO  o.e.m.c.i.l.LifecycleMappingFactory - Using org.eclipse.m2e.jdt.JarLifecycleMapping lifecycle mapping for MavenProject: it.fila1:cantieri2:0.0.1-SNAPSHOT @ /home/sebs/Documents/esercizzi/learningProject/Cantieri/backend/cantieri2/pom.xml.
2025-06-29 12:48:08,578 [Worker-15: Building] INFO  o.a.m.s.f.DefaultMavenResourcesFiltering - Copying 1 resource from src/main/resources to target/classes
2025-06-29 12:48:08,683 [Worker-15: Building] INFO  o.a.m.s.f.DefaultMavenResourcesFiltering - Copying 0 resource from src/main/resources to target/classes
2025-06-29 12:48:08,687 [Worker-15: Building] INFO  o.a.m.s.f.DefaultMavenResourcesFiltering - skip non existing resourceDirectory /home/sebs/Documents/esercizzi/learningProject/Cantieri/backend/cantieri2/src/test/resources
2025-06-29 12:48:09,481 [Worker-17: Building] INFO  o.a.m.s.f.DefaultMavenResourcesFiltering - Copying 1 resource from src/main/resources to target/classes
2025-06-29 12:48:09,482 [Worker-17: Building] INFO  o.a.m.s.f.DefaultMavenResourcesFiltering - Copying 0 resource from src/main/resources to target/classes
2025-06-29 12:48:09,483 [Worker-17: Building] INFO  o.a.m.s.f.DefaultMavenResourcesFiltering - skip non existing resourceDirectory /home/sebs/Documents/esercizzi/learningProject/Cantieri/backend/cantieri2/src/test/resources
2025-06-29 12:48:09,973 [Worker-3: Updating Maven Dependencies] INFO  o.e.m.c.i.l.LifecycleMappingFactory - Using org.eclipse.m2e.jdt.JarLifecycleMapping lifecycle mapping for MavenProject: it.fila1:cantieri2:0.0.1-SNAPSHOT @ /home/sebs/Documents/esercizzi/learningProject/Cantieri/backend/cantieri2/pom.xml.
2025-06-29 18:55:21,854 [Worker-4: Loading available Gradle versions] INFO  o.e.b.c.i.u.g.PublishedGradleVersions - Gradle version information cache is out-of-date. Trying to update.
2025-06-29 18:55:23,800 [Worker-10: Updating Maven Dependencies] INFO  o.e.m.c.i.l.LifecycleMappingFactory - Using org.eclipse.m2e.jdt.JarLifecycleMapping lifecycle mapping for MavenProject: it.fila1:cantieri2:0.0.1-SNAPSHOT @ /home/sebs/Documents/esercizzi/learningProject/Cantieri/backend/cantieri2/pom.xml.
2025-06-29 18:56:15,948 [Worker-0: Building] INFO  o.a.m.s.f.DefaultMavenResourcesFiltering - Copying 1 resource from src/main/resources to target/classes
2025-06-29 18:56:15,966 [Worker-0: Building] INFO  o.a.m.s.f.DefaultMavenResourcesFiltering - Copying 0 resource from src/main/resources to target/classes
2025-06-29 18:56:15,970 [Worker-0: Building] INFO  o.a.m.s.f.DefaultMavenResourcesFiltering - skip non existing resourceDirectory /home/sebs/Documents/esercizzi/learningProject/Cantieri/backend/cantieri2/src/test/resources
2025-06-29 18:58:40,788 [Worker-15: Building] INFO  o.a.m.s.f.DefaultMavenResourcesFiltering - Copying 1 resource from src/main/resources to target/classes
2025-06-29 18:58:40,790 [Worker-15: Building] INFO  o.a.m.s.f.DefaultMavenResourcesFiltering - Copying 0 resource from src/main/resources to target/classes
2025-06-29 18:58:40,793 [Worker-15: Building] INFO  o.a.m.s.f.DefaultMavenResourcesFiltering - skip non existing resourceDirectory /home/sebs/Documents/esercizzi/learningProject/Cantieri/backend/cantieri2/src/test/resources
2025-06-29 18:59:14,907 [Worker-13: Building] INFO  o.a.m.s.f.DefaultMavenResourcesFiltering - Copying 1 resource from src/main/resources to target/classes
2025-06-29 18:59:14,909 [Worker-13: Building] INFO  o.a.m.s.f.DefaultMavenResourcesFiltering - Copying 0 resource from src/main/resources to target/classes
2025-06-29 18:59:14,911 [Worker-13: Building] INFO  o.a.m.s.f.DefaultMavenResourcesFiltering - skip non existing resourceDirectory /home/sebs/Documents/esercizzi/learningProject/Cantieri/backend/cantieri2/src/test/resources
2025-06-29 19:00:17,885 [Worker-21: Building] INFO  o.a.m.s.f.DefaultMavenResourcesFiltering - Copying 1 resource from src/main/resources to target/classes
2025-06-29 19:00:17,893 [Worker-21: Building] INFO  o.a.m.s.f.DefaultMavenResourcesFiltering - Copying 0 resource from src/main/resources to target/classes
2025-06-29 19:00:17,895 [Worker-21: Building] INFO  o.a.m.s.f.DefaultMavenResourcesFiltering - skip non existing resourceDirectory /home/sebs/Documents/esercizzi/learningProject/Cantieri/backend/cantieri2/src/test/resources
2025-06-29 19:00:37,644 [Worker-11: Building] INFO  o.a.m.s.f.DefaultMavenResourcesFiltering - Copying 1 resource from src/main/resources to target/classes
2025-06-29 19:00:37,646 [Worker-11: Building] INFO  o.a.m.s.f.DefaultMavenResourcesFiltering - Copying 0 resource from src/main/resources to target/classes
2025-06-29 19:00:37,647 [Worker-11: Building] INFO  o.a.m.s.f.DefaultMavenResourcesFiltering - skip non existing resourceDirectory /home/sebs/Documents/esercizzi/learningProject/Cantieri/backend/cantieri2/src/test/resources
2025-06-29 19:00:41,303 [Worker-11: Building] INFO  o.a.m.s.f.DefaultMavenResourcesFiltering - Copying 1 resource from src/main/resources to target/classes
2025-06-29 19:00:41,311 [Worker-11: Building] INFO  o.a.m.s.f.DefaultMavenResourcesFiltering - Copying 0 resource from src/main/resources to target/classes
2025-06-29 19:00:41,313 [Worker-11: Building] INFO  o.a.m.s.f.DefaultMavenResourcesFiltering - skip non existing resourceDirectory /home/sebs/Documents/esercizzi/learningProject/Cantieri/backend/cantieri2/src/test/resources
2025-06-29 19:00:57,219 [Worker-11: Building] INFO  o.a.m.s.f.DefaultMavenResourcesFiltering - Copying 1 resource from src/main/resources to target/classes
2025-06-29 19:00:57,221 [Worker-11: Building] INFO  o.a.m.s.f.DefaultMavenResourcesFiltering - Copying 0 resource from src/main/resources to target/classes
2025-06-29 19:00:57,222 [Worker-11: Building] INFO  o.a.m.s.f.DefaultMavenResourcesFiltering - skip non existing resourceDirectory /home/sebs/Documents/esercizzi/learningProject/Cantieri/backend/cantieri2/src/test/resources
2025-06-29 19:01:14,897 [Worker-11: Building] INFO  o.a.m.s.f.DefaultMavenResourcesFiltering - Copying 1 resource from src/main/resources to target/classes
2025-06-29 19:01:14,899 [Worker-11: Building] INFO  o.a.m.s.f.DefaultMavenResourcesFiltering - Copying 0 resource from src/main/resources to target/classes
2025-06-29 19:01:14,901 [Worker-11: Building] INFO  o.a.m.s.f.DefaultMavenResourcesFiltering - skip non existing resourceDirectory /home/sebs/Documents/esercizzi/learningProject/Cantieri/backend/cantieri2/src/test/resources
2025-06-29 19:01:46,057 [Worker-5: Building] INFO  o.a.m.s.f.DefaultMavenResourcesFiltering - Copying 1 resource from src/main/resources to target/classes
2025-06-29 19:01:46,068 [Worker-5: Building] INFO  o.a.m.s.f.DefaultMavenResourcesFiltering - Copying 0 resource from src/main/resources to target/classes
2025-06-29 19:01:46,072 [Worker-5: Building] INFO  o.a.m.s.f.DefaultMavenResourcesFiltering - skip non existing resourceDirectory /home/sebs/Documents/esercizzi/learningProject/Cantieri/backend/cantieri2/src/test/resources
2025-06-29 19:02:18,023 [Worker-17: Building] INFO  o.a.m.s.f.DefaultMavenResourcesFiltering - Copying 1 resource from src/main/resources to target/classes
2025-06-29 19:02:18,031 [Worker-17: Building] INFO  o.a.m.s.f.DefaultMavenResourcesFiltering - Copying 0 resource from src/main/resources to target/classes
2025-06-29 19:02:18,035 [Worker-17: Building] INFO  o.a.m.s.f.DefaultMavenResourcesFiltering - skip non existing resourceDirectory /home/sebs/Documents/esercizzi/learningProject/Cantieri/backend/cantieri2/src/test/resources
2025-06-29 19:02:38,875 [Worker-17: Building] INFO  o.a.m.s.f.DefaultMavenResourcesFiltering - Copying 1 resource from src/main/resources to target/classes
2025-06-29 19:02:38,877 [Worker-17: Building] INFO  o.a.m.s.f.DefaultMavenResourcesFiltering - Copying 0 resource from src/main/resources to target/classes
2025-06-29 19:02:38,878 [Worker-17: Building] INFO  o.a.m.s.f.DefaultMavenResourcesFiltering - skip non existing resourceDirectory /home/sebs/Documents/esercizzi/learningProject/Cantieri/backend/cantieri2/src/test/resources
2025-06-29 19:03:04,623 [Worker-5: Building] INFO  o.a.m.s.f.DefaultMavenResourcesFiltering - Copying 1 resource from src/main/resources to target/classes
2025-06-29 19:03:04,636 [Worker-5: Building] INFO  o.a.m.s.f.DefaultMavenResourcesFiltering - Copying 0 resource from src/main/resources to target/classes
2025-06-29 19:03:04,639 [Worker-5: Building] INFO  o.a.m.s.f.DefaultMavenResourcesFiltering - skip non existing resourceDirectory /home/sebs/Documents/esercizzi/learningProject/Cantieri/backend/cantieri2/src/test/resources
2025-06-29 19:03:45,889 [Worker-21: Building] INFO  o.a.m.s.f.DefaultMavenResourcesFiltering - Copying 1 resource from src/main/resources to target/classes
2025-06-29 19:03:45,891 [Worker-21: Building] INFO  o.a.m.s.f.DefaultMavenResourcesFiltering - Copying 0 resource from src/main/resources to target/classes
2025-06-29 19:03:45,892 [Worker-21: Building] INFO  o.a.m.s.f.DefaultMavenResourcesFiltering - skip non existing resourceDirectory /home/sebs/Documents/esercizzi/learningProject/Cantieri/backend/cantieri2/src/test/resources
2025-06-29 19:08:14,584 [Worker-3: Building] INFO  o.a.m.s.f.DefaultMavenResourcesFiltering - Copying 1 resource from src/main/resources to target/classes
2025-06-29 19:08:14,586 [Worker-3: Building] INFO  o.a.m.s.f.DefaultMavenResourcesFiltering - Copying 0 resource from src/main/resources to target/classes
2025-06-29 19:08:14,587 [Worker-3: Building] INFO  o.a.m.s.f.DefaultMavenResourcesFiltering - skip non existing resourceDirectory /home/sebs/Documents/esercizzi/learningProject/Cantieri/backend/cantieri2/src/test/resources
2025-06-29 19:12:53,511 [Worker-11: Building] INFO  o.a.m.s.f.DefaultMavenResourcesFiltering - Copying 1 resource from src/main/resources to target/classes
2025-06-29 19:12:53,513 [Worker-11: Building] INFO  o.a.m.s.f.DefaultMavenResourcesFiltering - Copying 0 resource from src/main/resources to target/classes
2025-06-29 19:12:53,515 [Worker-11: Building] INFO  o.a.m.s.f.DefaultMavenResourcesFiltering - skip non existing resourceDirectory /home/sebs/Documents/esercizzi/learningProject/Cantieri/backend/cantieri2/src/test/resources
2025-06-29 19:17:26,367 [Worker-28: Building] INFO  o.a.m.s.f.DefaultMavenResourcesFiltering - Copying 1 resource from src/main/resources to target/classes
2025-06-29 19:17:26,369 [Worker-28: Building] INFO  o.a.m.s.f.DefaultMavenResourcesFiltering - Copying 0 resource from src/main/resources to target/classes
2025-06-29 19:17:26,371 [Worker-28: Building] INFO  o.a.m.s.f.DefaultMavenResourcesFiltering - skip non existing resourceDirectory /home/sebs/Documents/esercizzi/learningProject/Cantieri/backend/cantieri2/src/test/resources
2025-06-29 19:20:13,704 [Worker-26: Building] INFO  o.a.m.s.f.DefaultMavenResourcesFiltering - Copying 1 resource from src/main/resources to target/classes
2025-06-29 19:20:13,706 [Worker-26: Building] INFO  o.a.m.s.f.DefaultMavenResourcesFiltering - Copying 0 resource from src/main/resources to target/classes
2025-06-29 19:20:13,708 [Worker-26: Building] INFO  o.a.m.s.f.DefaultMavenResourcesFiltering - skip non existing resourceDirectory /home/sebs/Documents/esercizzi/learningProject/Cantieri/backend/cantieri2/src/test/resources
2025-06-29 19:20:45,073 [Worker-26: Building] INFO  o.a.m.s.f.DefaultMavenResourcesFiltering - Copying 1 resource from src/main/resources to target/classes
2025-06-29 19:20:45,075 [Worker-26: Building] INFO  o.a.m.s.f.DefaultMavenResourcesFiltering - Copying 0 resource from src/main/resources to target/classes
2025-06-29 19:20:45,076 [Worker-26: Building] INFO  o.a.m.s.f.DefaultMavenResourcesFiltering - skip non existing resourceDirectory /home/sebs/Documents/esercizzi/learningProject/Cantieri/backend/cantieri2/src/test/resources
2025-06-29 19:20:49,295 [Worker-27: Building] INFO  o.a.m.s.f.DefaultMavenResourcesFiltering - Copying 1 resource from src/main/resources to target/classes
2025-06-29 19:20:49,303 [Worker-27: Building] INFO  o.a.m.s.f.DefaultMavenResourcesFiltering - Copying 0 resource from src/main/resources to target/classes
2025-06-29 19:20:49,307 [Worker-27: Building] INFO  o.a.m.s.f.DefaultMavenResourcesFiltering - skip non existing resourceDirectory /home/sebs/Documents/esercizzi/learningProject/Cantieri/backend/cantieri2/src/test/resources
2025-06-29 19:28:18,982 [Worker-29: Building] INFO  o.a.m.s.f.DefaultMavenResourcesFiltering - Copying 1 resource from src/main/resources to target/classes
2025-06-29 19:28:18,990 [Worker-29: Building] INFO  o.a.m.s.f.DefaultMavenResourcesFiltering - Copying 0 resource from src/main/resources to target/classes
2025-06-29 19:28:18,994 [Worker-29: Building] INFO  o.a.m.s.f.DefaultMavenResourcesFiltering - skip non existing resourceDirectory /home/sebs/Documents/esercizzi/learningProject/Cantieri/backend/cantieri2/src/test/resources
2025-06-29 19:28:38,245 [Worker-30: Building] INFO  o.a.m.s.f.DefaultMavenResourcesFiltering - Copying 1 resource from src/main/resources to target/classes
2025-06-29 19:28:38,247 [Worker-30: Building] INFO  o.a.m.s.f.DefaultMavenResourcesFiltering - Copying 0 resource from src/main/resources to target/classes
2025-06-29 19:28:38,248 [Worker-30: Building] INFO  o.a.m.s.f.DefaultMavenResourcesFiltering - skip non existing resourceDirectory /home/sebs/Documents/esercizzi/learningProject/Cantieri/backend/cantieri2/src/test/resources
2025-06-29 19:29:26,574 [Worker-11: Building] INFO  o.a.m.s.f.DefaultMavenResourcesFiltering - Copying 1 resource from src/main/resources to target/classes
2025-06-29 19:29:26,580 [Worker-11: Building] INFO  o.a.m.s.f.DefaultMavenResourcesFiltering - Copying 0 resource from src/main/resources to target/classes
2025-06-29 19:29:26,584 [Worker-11: Building] INFO  o.a.m.s.f.DefaultMavenResourcesFiltering - skip non existing resourceDirectory /home/sebs/Documents/esercizzi/learningProject/Cantieri/backend/cantieri2/src/test/resources
2025-06-29 19:29:30,564 [Worker-30: Building] INFO  o.a.m.s.f.DefaultMavenResourcesFiltering - Copying 1 resource from src/main/resources to target/classes
2025-06-29 19:29:30,566 [Worker-30: Building] INFO  o.a.m.s.f.DefaultMavenResourcesFiltering - Copying 0 resource from src/main/resources to target/classes
2025-06-29 19:29:30,567 [Worker-30: Building] INFO  o.a.m.s.f.DefaultMavenResourcesFiltering - skip non existing resourceDirectory /home/sebs/Documents/esercizzi/learningProject/Cantieri/backend/cantieri2/src/test/resources
2025-06-29 19:29:35,437 [Worker-11: Building] INFO  o.a.m.s.f.DefaultMavenResourcesFiltering - Copying 1 resource from src/main/resources to target/classes
2025-06-29 19:29:35,439 [Worker-11: Building] INFO  o.a.m.s.f.DefaultMavenResourcesFiltering - Copying 0 resource from src/main/resources to target/classes
2025-06-29 19:29:35,440 [Worker-11: Building] INFO  o.a.m.s.f.DefaultMavenResourcesFiltering - skip non existing resourceDirectory /home/sebs/Documents/esercizzi/learningProject/Cantieri/backend/cantieri2/src/test/resources
2025-06-30 11:37:13,679 [Worker-2: Loading available Gradle versions] INFO  o.e.b.c.i.u.g.PublishedGradleVersions - Gradle version information cache is up-to-date. Trying to read.
2025-06-30 11:37:18,223 [Worker-16: Building] INFO  o.a.m.s.f.DefaultMavenResourcesFiltering - Copying 1 resource from src/main/resources to target/classes
2025-06-30 11:37:18,236 [Worker-16: Building] INFO  o.a.m.s.f.DefaultMavenResourcesFiltering - Copying 0 resource from src/main/resources to target/classes
2025-06-30 11:37:18,239 [Worker-16: Building] INFO  o.a.m.s.f.DefaultMavenResourcesFiltering - skip non existing resourceDirectory /home/sebs/Documents/esercizzi/learningProject/Cantieri/backend/cantieri2/src/test/resources
2025-06-30 11:54:09,377 [Worker-0: Building] INFO  o.a.m.s.f.DefaultMavenResourcesFiltering - Copying 1 resource from src/main/resources to target/classes
2025-06-30 11:54:09,389 [Worker-0: Building] INFO  o.a.m.s.f.DefaultMavenResourcesFiltering - Copying 0 resource from src/main/resources to target/classes
2025-06-30 11:54:09,393 [Worker-0: Building] INFO  o.a.m.s.f.DefaultMavenResourcesFiltering - skip non existing resourceDirectory /home/sebs/Documents/esercizzi/learningProject/Cantieri/backend/cantieri2/src/test/resources
2025-06-30 11:54:51,749 [Worker-5: Building] INFO  o.a.m.s.f.DefaultMavenResourcesFiltering - Copying 1 resource from src/main/resources to target/classes
2025-06-30 11:54:51,751 [Worker-5: Building] INFO  o.a.m.s.f.DefaultMavenResourcesFiltering - Copying 0 resource from src/main/resources to target/classes
2025-06-30 11:54:51,752 [Worker-5: Building] INFO  o.a.m.s.f.DefaultMavenResourcesFiltering - skip non existing resourceDirectory /home/sebs/Documents/esercizzi/learningProject/Cantieri/backend/cantieri2/src/test/resources
2025-06-30 11:55:09,412 [Worker-2: Building] INFO  o.a.m.s.f.DefaultMavenResourcesFiltering - Copying 1 resource from src/main/resources to target/classes
2025-06-30 11:55:09,420 [Worker-2: Building] INFO  o.a.m.s.f.DefaultMavenResourcesFiltering - Copying 0 resource from src/main/resources to target/classes
2025-06-30 11:55:09,425 [Worker-2: Building] INFO  o.a.m.s.f.DefaultMavenResourcesFiltering - skip non existing resourceDirectory /home/sebs/Documents/esercizzi/learningProject/Cantieri/backend/cantieri2/src/test/resources
2025-06-30 11:56:18,808 [Worker-1: Building] INFO  o.a.m.s.f.DefaultMavenResourcesFiltering - Copying 1 resource from src/main/resources to target/classes
2025-06-30 11:56:18,810 [Worker-1: Building] INFO  o.a.m.s.f.DefaultMavenResourcesFiltering - Copying 0 resource from src/main/resources to target/classes
2025-06-30 11:56:18,811 [Worker-1: Building] INFO  o.a.m.s.f.DefaultMavenResourcesFiltering - skip non existing resourceDirectory /home/sebs/Documents/esercizzi/learningProject/Cantieri/backend/cantieri2/src/test/resources
2025-06-30 13:53:09,695 [Worker-14: Launching Executing install in _home_sebs_Documents_esercizzi_learningProject_Cantieri_backend_cantieri2] INFO  o.eclipse.m2e.core.internal.Bundles - getClasspathEntries(Bundle=org.eclipse.m2e.maven.runtime_3.9.900.20250220-2013 [320])
2025-06-30 13:53:09,696 [Worker-14: Launching Executing install in _home_sebs_Documents_esercizzi_learningProject_Cantieri_backend_cantieri2] INFO  o.eclipse.m2e.core.internal.Bundles - 	Entry: /home/sebs/.p2/pool/plugins/org.eclipse.m2e.maven.runtime_3.9.900.20250220-2013
2025-06-30 13:53:09,696 [Worker-14: Launching Executing install in _home_sebs_Documents_esercizzi_learningProject_Cantieri_backend_cantieri2] INFO  o.eclipse.m2e.core.internal.Bundles - 	Entry: /home/sebs/.p2/pool/plugins/org.eclipse.m2e.maven.runtime_3.9.900.20250220-2013/jars/aopalliance-1.0.jar
2025-06-30 13:53:09,696 [Worker-14: Launching Executing install in _home_sebs_Documents_esercizzi_learningProject_Cantieri_backend_cantieri2] INFO  o.eclipse.m2e.core.internal.Bundles - 	Entry: /home/sebs/.p2/pool/plugins/org.eclipse.m2e.maven.runtime_3.9.900.20250220-2013/jars/guice-5.1.0.jar
2025-06-30 13:53:09,696 [Worker-14: Launching Executing install in _home_sebs_Documents_esercizzi_learningProject_Cantieri_backend_cantieri2] INFO  o.eclipse.m2e.core.internal.Bundles - 	Entry: /home/sebs/.p2/pool/plugins/org.eclipse.m2e.maven.runtime_3.9.900.20250220-2013/jars/httpclient-4.5.14.jar
2025-06-30 13:53:09,696 [Worker-14: Launching Executing install in _home_sebs_Documents_esercizzi_learningProject_Cantieri_backend_cantieri2] INFO  o.eclipse.m2e.core.internal.Bundles - 	Entry: /home/sebs/.p2/pool/plugins/org.eclipse.m2e.maven.runtime_3.9.900.20250220-2013/jars/httpcore-4.4.16.jar
2025-06-30 13:53:09,696 [Worker-14: Launching Executing install in _home_sebs_Documents_esercizzi_learningProject_Cantieri_backend_cantieri2] INFO  o.eclipse.m2e.core.internal.Bundles - 	Entry: /home/sebs/.p2/pool/plugins/org.eclipse.m2e.maven.runtime_3.9.900.20250220-2013/jars/jansi-2.4.1.jar
2025-06-30 13:53:09,696 [Worker-14: Launching Executing install in _home_sebs_Documents_esercizzi_learningProject_Cantieri_backend_cantieri2] INFO  o.eclipse.m2e.core.internal.Bundles - 	Entry: /home/sebs/.p2/pool/plugins/org.eclipse.m2e.maven.runtime_3.9.900.20250220-2013/jars/jcl-over-slf4j-1.7.36.jar
2025-06-30 13:53:09,697 [Worker-14: Launching Executing install in _home_sebs_Documents_esercizzi_learningProject_Cantieri_backend_cantieri2] INFO  o.eclipse.m2e.core.internal.Bundles - 	Entry: /home/sebs/.p2/pool/plugins/org.eclipse.m2e.maven.runtime_3.9.900.20250220-2013/jars/maven-artifact-3.9.9.jar
2025-06-30 13:53:09,697 [Worker-14: Launching Executing install in _home_sebs_Documents_esercizzi_learningProject_Cantieri_backend_cantieri2] INFO  o.eclipse.m2e.core.internal.Bundles - 	Entry: /home/sebs/.p2/pool/plugins/org.eclipse.m2e.maven.runtime_3.9.900.20250220-2013/jars/maven-builder-support-3.9.9.jar
2025-06-30 13:53:09,697 [Worker-14: Launching Executing install in _home_sebs_Documents_esercizzi_learningProject_Cantieri_backend_cantieri2] INFO  o.eclipse.m2e.core.internal.Bundles - 	Entry: /home/sebs/.p2/pool/plugins/org.eclipse.m2e.maven.runtime_3.9.900.20250220-2013/jars/maven-compat-3.9.9.jar
2025-06-30 13:53:09,697 [Worker-14: Launching Executing install in _home_sebs_Documents_esercizzi_learningProject_Cantieri_backend_cantieri2] INFO  o.eclipse.m2e.core.internal.Bundles - 	Entry: /home/sebs/.p2/pool/plugins/org.eclipse.m2e.maven.runtime_3.9.900.20250220-2013/jars/maven-core-3.9.9.jar
2025-06-30 13:53:09,697 [Worker-14: Launching Executing install in _home_sebs_Documents_esercizzi_learningProject_Cantieri_backend_cantieri2] INFO  o.eclipse.m2e.core.internal.Bundles - 	Entry: /home/sebs/.p2/pool/plugins/org.eclipse.m2e.maven.runtime_3.9.900.20250220-2013/jars/maven-embedder-3.9.9.jar
2025-06-30 13:53:09,697 [Worker-14: Launching Executing install in _home_sebs_Documents_esercizzi_learningProject_Cantieri_backend_cantieri2] INFO  o.eclipse.m2e.core.internal.Bundles - 	Entry: /home/sebs/.p2/pool/plugins/org.eclipse.m2e.maven.runtime_3.9.900.20250220-2013/jars/maven-model-3.9.9.jar
2025-06-30 13:53:09,697 [Worker-14: Launching Executing install in _home_sebs_Documents_esercizzi_learningProject_Cantieri_backend_cantieri2] INFO  o.eclipse.m2e.core.internal.Bundles - 	Entry: /home/sebs/.p2/pool/plugins/org.eclipse.m2e.maven.runtime_3.9.900.20250220-2013/jars/maven-model-builder-3.9.9.jar
2025-06-30 13:53:09,697 [Worker-14: Launching Executing install in _home_sebs_Documents_esercizzi_learningProject_Cantieri_backend_cantieri2] INFO  o.eclipse.m2e.core.internal.Bundles - 	Entry: /home/sebs/.p2/pool/plugins/org.eclipse.m2e.maven.runtime_3.9.900.20250220-2013/jars/maven-plugin-api-3.9.9.jar
2025-06-30 13:53:09,697 [Worker-14: Launching Executing install in _home_sebs_Documents_esercizzi_learningProject_Cantieri_backend_cantieri2] INFO  o.eclipse.m2e.core.internal.Bundles - 	Entry: /home/sebs/.p2/pool/plugins/org.eclipse.m2e.maven.runtime_3.9.900.20250220-2013/jars/maven-repository-metadata-3.9.9.jar
2025-06-30 13:53:09,697 [Worker-14: Launching Executing install in _home_sebs_Documents_esercizzi_learningProject_Cantieri_backend_cantieri2] INFO  o.eclipse.m2e.core.internal.Bundles - 	Entry: /home/sebs/.p2/pool/plugins/org.eclipse.m2e.maven.runtime_3.9.900.20250220-2013/jars/maven-resolver-api-1.9.22.jar
2025-06-30 13:53:09,697 [Worker-14: Launching Executing install in _home_sebs_Documents_esercizzi_learningProject_Cantieri_backend_cantieri2] INFO  o.eclipse.m2e.core.internal.Bundles - 	Entry: /home/sebs/.p2/pool/plugins/org.eclipse.m2e.maven.runtime_3.9.900.20250220-2013/jars/maven-resolver-connector-basic-1.9.22.jar
2025-06-30 13:53:09,697 [Worker-14: Launching Executing install in _home_sebs_Documents_esercizzi_learningProject_Cantieri_backend_cantieri2] INFO  o.eclipse.m2e.core.internal.Bundles - 	Entry: /home/sebs/.p2/pool/plugins/org.eclipse.m2e.maven.runtime_3.9.900.20250220-2013/jars/maven-resolver-impl-1.9.22.jar
2025-06-30 13:53:09,697 [Worker-14: Launching Executing install in _home_sebs_Documents_esercizzi_learningProject_Cantieri_backend_cantieri2] INFO  o.eclipse.m2e.core.internal.Bundles - 	Entry: /home/sebs/.p2/pool/plugins/org.eclipse.m2e.maven.runtime_3.9.900.20250220-2013/jars/maven-resolver-named-locks-1.9.22.jar
2025-06-30 13:53:09,697 [Worker-14: Launching Executing install in _home_sebs_Documents_esercizzi_learningProject_Cantieri_backend_cantieri2] INFO  o.eclipse.m2e.core.internal.Bundles - 	Entry: /home/sebs/.p2/pool/plugins/org.eclipse.m2e.maven.runtime_3.9.900.20250220-2013/jars/maven-resolver-provider-3.9.9.jar
2025-06-30 13:53:09,697 [Worker-14: Launching Executing install in _home_sebs_Documents_esercizzi_learningProject_Cantieri_backend_cantieri2] INFO  o.eclipse.m2e.core.internal.Bundles - 	Entry: /home/sebs/.p2/pool/plugins/org.eclipse.m2e.maven.runtime_3.9.900.20250220-2013/jars/maven-resolver-spi-1.9.22.jar
2025-06-30 13:53:09,697 [Worker-14: Launching Executing install in _home_sebs_Documents_esercizzi_learningProject_Cantieri_backend_cantieri2] INFO  o.eclipse.m2e.core.internal.Bundles - 	Entry: /home/sebs/.p2/pool/plugins/org.eclipse.m2e.maven.runtime_3.9.900.20250220-2013/jars/maven-resolver-transport-file-1.9.22.jar
2025-06-30 13:53:09,697 [Worker-14: Launching Executing install in _home_sebs_Documents_esercizzi_learningProject_Cantieri_backend_cantieri2] INFO  o.eclipse.m2e.core.internal.Bundles - 	Entry: /home/sebs/.p2/pool/plugins/org.eclipse.m2e.maven.runtime_3.9.900.20250220-2013/jars/maven-resolver-transport-http-1.9.22.jar
2025-06-30 13:53:09,697 [Worker-14: Launching Executing install in _home_sebs_Documents_esercizzi_learningProject_Cantieri_backend_cantieri2] INFO  o.eclipse.m2e.core.internal.Bundles - 	Entry: /home/sebs/.p2/pool/plugins/org.eclipse.m2e.maven.runtime_3.9.900.20250220-2013/jars/maven-resolver-transport-wagon-1.9.22.jar
2025-06-30 13:53:09,697 [Worker-14: Launching Executing install in _home_sebs_Documents_esercizzi_learningProject_Cantieri_backend_cantieri2] INFO  o.eclipse.m2e.core.internal.Bundles - 	Entry: /home/sebs/.p2/pool/plugins/org.eclipse.m2e.maven.runtime_3.9.900.20250220-2013/jars/maven-resolver-util-1.9.22.jar
2025-06-30 13:53:09,697 [Worker-14: Launching Executing install in _home_sebs_Documents_esercizzi_learningProject_Cantieri_backend_cantieri2] INFO  o.eclipse.m2e.core.internal.Bundles - 	Entry: /home/sebs/.p2/pool/plugins/org.eclipse.m2e.maven.runtime_3.9.900.20250220-2013/jars/maven-settings-3.9.9.jar
2025-06-30 13:53:09,697 [Worker-14: Launching Executing install in _home_sebs_Documents_esercizzi_learningProject_Cantieri_backend_cantieri2] INFO  o.eclipse.m2e.core.internal.Bundles - 	Entry: /home/sebs/.p2/pool/plugins/org.eclipse.m2e.maven.runtime_3.9.900.20250220-2013/jars/maven-settings-builder-3.9.9.jar
2025-06-30 13:53:09,697 [Worker-14: Launching Executing install in _home_sebs_Documents_esercizzi_learningProject_Cantieri_backend_cantieri2] INFO  o.eclipse.m2e.core.internal.Bundles - 	Entry: /home/sebs/.p2/pool/plugins/org.eclipse.m2e.maven.runtime_3.9.900.20250220-2013/jars/maven-shared-utils-3.4.2.jar
2025-06-30 13:53:09,697 [Worker-14: Launching Executing install in _home_sebs_Documents_esercizzi_learningProject_Cantieri_backend_cantieri2] INFO  o.eclipse.m2e.core.internal.Bundles - 	Entry: /home/sebs/.p2/pool/plugins/org.eclipse.m2e.maven.runtime_3.9.900.20250220-2013/jars/org.eclipse.sisu.inject-0.9.0.M3.jar
2025-06-30 13:53:09,697 [Worker-14: Launching Executing install in _home_sebs_Documents_esercizzi_learningProject_Cantieri_backend_cantieri2] INFO  o.eclipse.m2e.core.internal.Bundles - 	Entry: /home/sebs/.p2/pool/plugins/org.eclipse.m2e.maven.runtime_3.9.900.20250220-2013/jars/org.eclipse.sisu.plexus-0.9.0.M3.jar
2025-06-30 13:53:09,697 [Worker-14: Launching Executing install in _home_sebs_Documents_esercizzi_learningProject_Cantieri_backend_cantieri2] INFO  o.eclipse.m2e.core.internal.Bundles - 	Entry: /home/sebs/.p2/pool/plugins/org.eclipse.m2e.maven.runtime_3.9.900.20250220-2013/jars/plexus-build-api-0.0.7.jar
2025-06-30 13:53:09,697 [Worker-14: Launching Executing install in _home_sebs_Documents_esercizzi_learningProject_Cantieri_backend_cantieri2] INFO  o.eclipse.m2e.core.internal.Bundles - 	Entry: /home/sebs/.p2/pool/plugins/org.eclipse.m2e.maven.runtime_3.9.900.20250220-2013/jars/plexus-build-api-1.2.0.jar
2025-06-30 13:53:09,697 [Worker-14: Launching Executing install in _home_sebs_Documents_esercizzi_learningProject_Cantieri_backend_cantieri2] INFO  o.eclipse.m2e.core.internal.Bundles - 	Entry: /home/sebs/.p2/pool/plugins/org.eclipse.m2e.maven.runtime_3.9.900.20250220-2013/jars/plexus-cipher-2.0.jar
2025-06-30 13:53:09,697 [Worker-14: Launching Executing install in _home_sebs_Documents_esercizzi_learningProject_Cantieri_backend_cantieri2] INFO  o.eclipse.m2e.core.internal.Bundles - 	Entry: /home/sebs/.p2/pool/plugins/org.eclipse.m2e.maven.runtime_3.9.900.20250220-2013/jars/plexus-classworlds-2.8.0.jar
2025-06-30 13:53:09,698 [Worker-14: Launching Executing install in _home_sebs_Documents_esercizzi_learningProject_Cantieri_backend_cantieri2] INFO  o.eclipse.m2e.core.internal.Bundles - 	Entry: /home/sebs/.p2/pool/plugins/org.eclipse.m2e.maven.runtime_3.9.900.20250220-2013/jars/plexus-component-annotations-2.1.0.jar
2025-06-30 13:53:09,698 [Worker-14: Launching Executing install in _home_sebs_Documents_esercizzi_learningProject_Cantieri_backend_cantieri2] INFO  o.eclipse.m2e.core.internal.Bundles - 	Entry: /home/sebs/.p2/pool/plugins/org.eclipse.m2e.maven.runtime_3.9.900.20250220-2013/jars/plexus-interpolation-1.27.jar
2025-06-30 13:53:09,698 [Worker-14: Launching Executing install in _home_sebs_Documents_esercizzi_learningProject_Cantieri_backend_cantieri2] INFO  o.eclipse.m2e.core.internal.Bundles - 	Entry: /home/sebs/.p2/pool/plugins/org.eclipse.m2e.maven.runtime_3.9.900.20250220-2013/jars/plexus-sec-dispatcher-2.0.jar
2025-06-30 13:53:09,698 [Worker-14: Launching Executing install in _home_sebs_Documents_esercizzi_learningProject_Cantieri_backend_cantieri2] INFO  o.eclipse.m2e.core.internal.Bundles - 	Entry: /home/sebs/.p2/pool/plugins/org.eclipse.m2e.maven.runtime_3.9.900.20250220-2013/jars/plexus-utils-3.5.1.jar
2025-06-30 13:53:09,698 [Worker-14: Launching Executing install in _home_sebs_Documents_esercizzi_learningProject_Cantieri_backend_cantieri2] INFO  o.eclipse.m2e.core.internal.Bundles - 	Entry: /home/sebs/.p2/pool/plugins/org.eclipse.m2e.maven.runtime_3.9.900.20250220-2013/jars/plexus-xml-3.0.1.jar
2025-06-30 13:53:09,698 [Worker-14: Launching Executing install in _home_sebs_Documents_esercizzi_learningProject_Cantieri_backend_cantieri2] INFO  o.eclipse.m2e.core.internal.Bundles - 	Entry: /home/sebs/.p2/pool/plugins/org.eclipse.m2e.maven.runtime_3.9.900.20250220-2013/jars/wagon-file-3.5.3.jar
2025-06-30 13:53:09,698 [Worker-14: Launching Executing install in _home_sebs_Documents_esercizzi_learningProject_Cantieri_backend_cantieri2] INFO  o.eclipse.m2e.core.internal.Bundles - 	Entry: /home/sebs/.p2/pool/plugins/org.eclipse.m2e.maven.runtime_3.9.900.20250220-2013/jars/wagon-http-3.5.3.jar
2025-06-30 13:53:09,698 [Worker-14: Launching Executing install in _home_sebs_Documents_esercizzi_learningProject_Cantieri_backend_cantieri2] INFO  o.eclipse.m2e.core.internal.Bundles - 	Entry: /home/sebs/.p2/pool/plugins/org.eclipse.m2e.maven.runtime_3.9.900.20250220-2013/jars/wagon-http-shared-3.5.3.jar
2025-06-30 13:53:09,698 [Worker-14: Launching Executing install in _home_sebs_Documents_esercizzi_learningProject_Cantieri_backend_cantieri2] INFO  o.eclipse.m2e.core.internal.Bundles - 	Entry: /home/sebs/.p2/pool/plugins/org.eclipse.m2e.maven.runtime_3.9.900.20250220-2013/jars/wagon-provider-api-3.5.3.jar
2025-06-30 13:53:09,699 [Worker-14: Launching Executing install in _home_sebs_Documents_esercizzi_learningProject_Cantieri_backend_cantieri2] INFO  o.eclipse.m2e.core.internal.Bundles - getClasspathEntries(Bundle=com.google.guava_33.4.8.jre [27])
2025-06-30 13:53:09,699 [Worker-14: Launching Executing install in _home_sebs_Documents_esercizzi_learningProject_Cantieri_backend_cantieri2] INFO  o.eclipse.m2e.core.internal.Bundles - 	Entry: /home/sebs/.p2/pool/plugins/com.google.guava_33.4.8.jre.jar
2025-06-30 13:53:09,699 [Worker-14: Launching Executing install in _home_sebs_Documents_esercizzi_learningProject_Cantieri_backend_cantieri2] INFO  o.eclipse.m2e.core.internal.Bundles - getClasspathEntries(Bundle=slf4j.api_2.0.17 [585])
2025-06-30 13:53:09,699 [Worker-14: Launching Executing install in _home_sebs_Documents_esercizzi_learningProject_Cantieri_backend_cantieri2] INFO  o.eclipse.m2e.core.internal.Bundles - 	Entry: /home/sebs/.p2/pool/plugins/slf4j.api_2.0.17.jar
2025-06-30 13:53:09,699 [Worker-14: Launching Executing install in _home_sebs_Documents_esercizzi_learningProject_Cantieri_backend_cantieri2] INFO  o.eclipse.m2e.core.internal.Bundles - getClasspathEntries(Bundle=jakarta.inject.jakarta.inject-api_1.0.5 [40])
2025-06-30 13:53:09,699 [Worker-14: Launching Executing install in _home_sebs_Documents_esercizzi_learningProject_Cantieri_backend_cantieri2] INFO  o.eclipse.m2e.core.internal.Bundles - 	Entry: /home/sebs/.p2/pool/plugins/jakarta.inject.jakarta.inject-api_1.0.5.jar
2025-06-30 13:53:09,699 [Worker-14: Launching Executing install in _home_sebs_Documents_esercizzi_learningProject_Cantieri_backend_cantieri2] INFO  o.eclipse.m2e.core.internal.Bundles - getClasspathEntries(Bundle=javax.annotation_1.3.5.v20200909-1856 [46])
2025-06-30 13:53:09,699 [Worker-14: Launching Executing install in _home_sebs_Documents_esercizzi_learningProject_Cantieri_backend_cantieri2] INFO  o.eclipse.m2e.core.internal.Bundles - 	Entry: /home/sebs/.p2/pool/plugins/javax.annotation_1.3.5.v20200909-1856.jar
2025-06-30 13:53:09,699 [Worker-14: Launching Executing install in _home_sebs_Documents_esercizzi_learningProject_Cantieri_backend_cantieri2] INFO  o.eclipse.m2e.core.internal.Bundles - getClasspathEntries(Bundle=org.apache.commons.cli_1.9.0 [70])
2025-06-30 13:53:09,699 [Worker-14: Launching Executing install in _home_sebs_Documents_esercizzi_learningProject_Cantieri_backend_cantieri2] INFO  o.eclipse.m2e.core.internal.Bundles - 	Entry: /home/sebs/.p2/pool/plugins/org.apache.commons.cli_1.9.0.jar
2025-06-30 13:53:09,699 [Worker-14: Launching Executing install in _home_sebs_Documents_esercizzi_learningProject_Cantieri_backend_cantieri2] INFO  o.eclipse.m2e.core.internal.Bundles - getClasspathEntries(Bundle=org.apache.commons.commons-codec_1.16.0 [72])
2025-06-30 13:53:09,699 [Worker-14: Launching Executing install in _home_sebs_Documents_esercizzi_learningProject_Cantieri_backend_cantieri2] INFO  o.eclipse.m2e.core.internal.Bundles - 	Entry: /home/sebs/.p2/pool/plugins/org.apache.commons.commons-codec_1.16.0.jar
2025-06-30 13:53:09,699 [Worker-14: Launching Executing install in _home_sebs_Documents_esercizzi_learningProject_Cantieri_backend_cantieri2] INFO  o.eclipse.m2e.core.internal.Bundles - getClasspathEntries(Bundle=com.google.guava.failureaccess_1.0.3 [28])
2025-06-30 13:53:09,699 [Worker-14: Launching Executing install in _home_sebs_Documents_esercizzi_learningProject_Cantieri_backend_cantieri2] INFO  o.eclipse.m2e.core.internal.Bundles - 	Entry: /home/sebs/.p2/pool/plugins/com.google.guava.failureaccess_1.0.3.jar
2025-06-30 13:53:09,700 [Worker-14: Launching Executing install in _home_sebs_Documents_esercizzi_learningProject_Cantieri_backend_cantieri2] INFO  o.e.m.i.launch.MavenLaunchDelegate - Run build in "/home/sebs/Documents/esercizzi/learningProject/Cantieri/backend/cantieri2":
2025-06-30 13:53:09,701 [Worker-14: Launching Executing install in _home_sebs_Documents_esercizzi_learningProject_Cantieri_backend_cantieri2] INFO  o.e.m.i.launch.MavenLaunchDelegate -  mvn  -Ppom.xml -B -Dstyle.color=always install
